// Jest Snapshot v1, https://goo.gl/fbAQLP

exports[`Should render expense list with empty expenses 1`] = `
<div>
  <div>
    <h1>
      This is the Expense List
    </h1>
    <p>
      No Expense
    </p>
  </div>
</div>
`;

exports[`Should render expense list with expenses 1`] = `
<div>
  <div>
    <h1>
      This is the Expense List
    </h1>
    <div>
      <a
        href="/edit/1"
      >
        <h3>
          Gum
        </h3>
      </a>
      <p>
        Rs. 140.00
        -
        January 1st, 1970
      </p>
    </div>
    <div>
      <a
        href="/edit/2"
      >
        <h3>
          Rent
        </h3>
      </a>
      <p>
        Rs. 14,000.94
        -
        December 28th, 1969
      </p>
    </div>
    <div>
      <a
        href="/edit/3"
      >
        <h3>
          Credit
        </h3>
      </a>
      <p>
        Rs. 113,221.80
        -
        January 5th, 1970
      </p>
    </div>
  </div>
</div>
`;
